// Jest Snapshot v1, https://jestjs.io/docs/snapshot-testing

exports[`<EventList /> component matches snapshot 1`] = `
<DocumentFragment>
  <ul
    class="events-container"
    data-testid="event-list"
  >
    <li>
      <div
        class="event"
      >
        <h3>
          Event 1
        </h3>
        <p>
          10 Sept 2025, 10:00 am
        </p>
        <p>
          Berlin, Germany
        </p>
        <button>
          Show details
        </button>
      </div>
    </li>
    <li>
      <div
        class="event"
      >
        <h3>
          Event 2
        </h3>
        <p>
          10 Sept 2025, 12:00 pm
        </p>
        <p>
          Munich, Germany
        </p>
        <button>
          Show details
        </button>
      </div>
    </li>
  </ul>
</DocumentFragment>
`;
